PASS Real Aster boot {'version': '2.4', 'seconds': 3.44}
PASS Windows profile and Luna selected 
PASS Nineteen native HTML installations 
PASS Exactly thirteen desktop pins 
PASS Desktop names have original parentheses 
PASS Mines and Win32 kept off desktop 
PASS Every catalog entry registered 84
PASS Mines and Win32 visible in Store 
PASS German-pattern launcher titles 
PASS Nineteen workspace files equal upstream bytes 
PASS Native full App Center inventory {'cards': 123, 'visibleRegistry': 123}
PASS Original Aster Explorer 
PASS tabelle original UI mounted {'title': 'Revenue operations · FY2026 — Gridline', 'buttons': 70, 'canvas': 1}
PASS Gridline is not rejected toy 
PASS Gridline formula bar and sheets ['app', 'autosave', 'autosave-toggle', 'workbook-title', 'save-status', 'ribbon-tabs', 'ribbon', 'font-family', 'font-size', 'number-format', 'name-box', 'formula-input', 'workspace', 'grid-host', 'chart-layer', 'chart-trend', 'chart-channel', 'cell-editor', 'formula-suggestions', 'v-scrollbar', 'v-thumb', 'h-scrollbar', 'h-thumb', 'active-cell-description', 'side-panel', 'sheet-tabs', 'mode-statu
PASS mail original UI mounted {'title': 'Quire — The clarity report', 'buttons': 84, 'canvas': 1}
PASS korpus original UI mounted {'title': 'Formalyth — Design & Manufacturing', 'buttons': 61, 'canvas': 1}
PASS Original Aster Calendar mounted 
PASS Theme library retains Windows macOS Ubuntu Luna 
PASS Focused caption Luna blue {'color': 'rgb(0, 120, 200)', 'controls': 1696, 'left': 756, 'width': 1078}
PASS Caption controls remain on right 
PASS Taskbar product word LUNA 
PASS No shell boot exception 
